###############################################################################
#
# IAR ELF Linker V8.20.2.14835/W32 for ARM                07/Jul/2022  23:27:38
# Copyright 2007-2017 IAR Systems AB.
#
#    Output file  =  
#        \\wsl.localhost\Ubuntu-20.04\home\stone\code\test\Debug\Exe\test.out
#    Map file     =  
#        \\wsl.localhost\Ubuntu-20.04\home\stone\code\test\Debug\List\test.map
#    Command line =  
#        -f C:\Users\XiaoL\AppData\Local\Temp\EW93CE.tmp
#        (\\wsl.localhost\Ubuntu-20.04\home\stone\code\test\Debug\Obj\44_¡‚–ŒºÃ≥–”Î–ÈºÃ≥–.o
#        \\wsl.localhost\Ubuntu-20.04\home\stone\code\test\Debug\Obj\cpp_learn.o
#        \\wsl.localhost\Ubuntu-20.04\home\stone\code\test\Debug\Obj\demo.o
#        \\wsl.localhost\Ubuntu-20.04\home\stone\code\test\Debug\Obj\demo_test01.o
#        \\wsl.localhost\Ubuntu-20.04\home\stone\code\test\Debug\Obj\main.o -o
#        \\wsl.localhost\Ubuntu-20.04\home\stone\code\test\Debug\Exe\test.out
#        --redirect _Printf=_PrintfFullNoMb --redirect _Scanf=_ScanfFullNoMb
#        --map
#        \\wsl.localhost\Ubuntu-20.04\home\stone\code\test\Debug\List\test.map
#        --config "C:\Program Files (x86)\IAR Systems\Embedded Workbench
#        8.0\arm\CONFIG\generic_cortex.icf" --semihosting --entry
#        __iar_program_start --vfe --text_out locale)
#
###############################################################################

*******************************************************************************
*** RUNTIME MODEL ATTRIBUTES
***

CppFlavor                     = *
__CPP_Exceptions              = Disabled
__CPP_Language                = C++14
__Heap_Handler                = DLMalloc
__SystemLibrary               = DLib
__dlib_dynamic_initialization = normal
__dlib_version                = 6


*******************************************************************************
*** HEAP SELECTION
***

The advanced heap was selected because the application calls memory
allocation functions outside of system library functions, and there
are calls to deallocation functions in the application.


*******************************************************************************
*** PLACEMENT SUMMARY
***

"A0":  place at 0x00000000 { ro section .intvec };
"P1":  place in [from 0x00000000 to 0x0007ffff] { ro };
define block CSTACK with size = 1K, alignment = 8 { };
define block PROC_STACK with size = 0M, alignment = 8 { };
define block HEAP with size = 2K, alignment = 8 { };
"P2":  place in [from 0x20000000 to 0x2000ffff] {
          rw, block CSTACK, block PROC_STACK, block HEAP };
initialize by copy { rw };

  Section                Kind        Address    Size  Object
  -------                ----        -------    ----  ------
"A0":                                           0x40
  .intvec                ro code  0x00000000    0x40  vector_table_M.o [6]
                                - 0x00000040    0x40

"P1":                                         0x661c
  .text                  ro code  0x00000040  0x14d4  dlmalloc.o [3]
  .text                  ro code  0x00001514     0x6  abort.o [3]
  .text                  ro code  0x0000151a     0xa  xsprout.o [3]
  .text                  ro code  0x00001524    0x2c  xgetmemchunk.o [3]
  .text                  ro code  0x00001550    0x14  exit.o [7]
  .text                  ro code  0x00001564    0x7c  iarttio.o [7]
  .text                  ro code  0x000015e0    0x3c  XShttio.o [3]
  .text                  ro code  0x0000161c   0xe1e  xprintffull_nomb.o [3]
  .text                  ro code  0x0000243a     0x6  iostream_cout.o [4]
  .text                  ro code  0x00002440    0x16  strchr.o [6]
  .text                  ro code  0x00002456     0x2  iostream_cout.o [4]
  .text                  ro code  0x00002458    0x44  xfail_s.o [3]
  .text                  ro code  0x0000249c    0x36  strlen.o [6]
  .text                  ro code  0x000024d2     0x2  iostream_cout.o [4]
  .text                  ro code  0x000024d4    0x58  memchr.o [6]
  .text                  ro code  0x0000252c   0x22e  I64DivMod.o [6]
  .text                  ro code  0x0000275a     0x2  vector_table_M.o [6]
  .text                  ro code  0x0000275c   0x1a2  DblMul.o [5]
  .rodata                const    0x000028fe     0x1  44_¡‚–ŒºÃ≥–”Î–ÈºÃ≥–.o [1]
  .rodata                const    0x000028ff     0x1  unwind_debug.o [7]
  .text                  ro code  0x00002900    0x76  ABImemcpy_unaligned.o [6]
  .text                  ro code  0x00002978    0x70  frexp.o [5]
  .text                  ro code  0x000029e8    0x2e  DblCmpLe.o [5]
  .text                  ro code  0x00002a18    0x2e  DblCmpGe.o [5]
  .text                  ro code  0x00002a48   0x13a  ldexp.o [5]
  .text                  ro code  0x00002b84    0x3a  DblToS32.o [5]
  .text                  ro code  0x00002bc0    0x22  S32ToDbl.o [5]
  .text                  ro code  0x00002be4    0xe2  DblSub.o [5]
  .text                  ro code  0x00002cc8   0x246  DblDiv.o [5]
  .text                  ro code  0x00002f10    0x28  DblToU32.o [5]
  .text                  ro code  0x00002f38    0x1a  U32ToDbl.o [5]
  .text                  ro code  0x00002f54     0x2  I64DivZer.o [6]
  .text                  ro code  0x00002f58   0x178  DblAdd.o [5]
  .text                  ro code  0x000030d0   0xd7c  xscanffull_nomb.o [3]
  .text                  ro code  0x00003e4c    0x98  iar_Stollx.o [3]
  .text                  ro code  0x00003ee4   0x1b8  iar_Stoullx.o [3]
  .rodata                const    0x0000409c    0x44  iostream_cout.o [4]
  .text                  ro code  0x000040e0   0x468  strto64.o [5]
  .text                  ro code  0x00004548    0x68  DblToFlt.o [5]
  .text                  ro code  0x000045b0   0x120  iar_Stopfx.o [3]
  .text                  ro code  0x000046d0   0x1c8  iar_Stoflt.o [3]
  .text                  ro code  0x00004898   0x214  iar_Stoxflt.o [3]
  .text                  ro code  0x00004aac   0x23a  44_¡‚–ŒºÃ≥–”Î–ÈºÃ≥–.o [1]
  .text                  ro code  0x00004ce6     0x4  44_¡‚–ŒºÃ≥–”Î–ÈºÃ≥–.o [1]
  .text                  ro code  0x00004cea     0x6  44_¡‚–ŒºÃ≥–”Î–ÈºÃ≥–.o [1]
  .text                  ro code  0x00004cf0    0x24  44_¡‚–ŒºÃ≥–”Î–ÈºÃ≥–.o [1]
  .text                  ro code  0x00004d14    0x2a  44_¡‚–ŒºÃ≥–”Î–ÈºÃ≥–.o [1]
  .text                  ro code  0x00004d3e     0xc  44_¡‚–ŒºÃ≥–”Î–ÈºÃ≥–.o [1]
  .text                  ro code  0x00004d4a    0x12  44_¡‚–ŒºÃ≥–”Î–ÈºÃ≥–.o [1]
  .text                  ro code  0x00004d5c    0x34  44_¡‚–ŒºÃ≥–”Î–ÈºÃ≥–.o [1]
  .text                  ro code  0x00004d90     0xa  44_¡‚–ŒºÃ≥–”Î–ÈºÃ≥–.o [1]
  .text                  ro code  0x00004d9a     0xc  44_¡‚–ŒºÃ≥–”Î–ÈºÃ≥–.o [1]
  .text                  ro code  0x00004da6     0xa  44_¡‚–ŒºÃ≥–”Î–ÈºÃ≥–.o [1]
  .text                  ro code  0x00004db0    0x96  44_¡‚–ŒºÃ≥–”Î–ÈºÃ≥–.o [1]
  .text                  ro code  0x00004e46     0xa  44_¡‚–ŒºÃ≥–”Î–ÈºÃ≥–.o [1]
  .text                  ro code  0x00004e50     0x4  44_¡‚–ŒºÃ≥–”Î–ÈºÃ≥–.o [1]
  .text                  ro code  0x00004e54    0x2e  44_¡‚–ŒºÃ≥–”Î–ÈºÃ≥–.o [1]
  .text                  ro code  0x00004e82    0x2e  44_¡‚–ŒºÃ≥–”Î–ÈºÃ≥–.o [1]
  .text                  ro code  0x00004eb0     0x8  44_¡‚–ŒºÃ≥–”Î–ÈºÃ≥–.o [1]
  .text                  ro code  0x00004eb8    0x12  44_¡‚–ŒºÃ≥–”Î–ÈºÃ≥–.o [1]
  .text                  ro code  0x00004ecc    0x18  44_¡‚–ŒºÃ≥–”Î–ÈºÃ≥–.o [1]
  .text                  ro code  0x00004ee4     0x8  44_¡‚–ŒºÃ≥–”Î–ÈºÃ≥–.o [1]
  .text                  ro code  0x00004eec    0x7a  44_¡‚–ŒºÃ≥–”Î–ÈºÃ≥–.o [1]
  .text                  ro code  0x00004f66    0x3a  44_¡‚–ŒºÃ≥–”Î–ÈºÃ≥–.o [1]
  .text                  ro code  0x00004fa0     0xc  44_¡‚–ŒºÃ≥–”Î–ÈºÃ≥–.o [1]
  .text                  ro code  0x00004fac    0x18  44_¡‚–ŒºÃ≥–”Î–ÈºÃ≥–.o [1]
  .text                  ro code  0x00004fc4     0xa  cxxabi.o [4]
  .text                  ro code  0x00004fce     0xc  44_¡‚–ŒºÃ≥–”Î–ÈºÃ≥–.o [1]
  .text                  ro code  0x00004fda     0xa  44_¡‚–ŒºÃ≥–”Î–ÈºÃ≥–.o [1]
  .text                  ro code  0x00004fe4    0x7a  44_¡‚–ŒºÃ≥–”Î–ÈºÃ≥–.o [1]
  .text                  ro code  0x0000505e    0x12  44_¡‚–ŒºÃ≥–”Î–ÈºÃ≥–.o [1]
  .text                  ro code  0x00005070    0x2a  44_¡‚–ŒºÃ≥–”Î–ÈºÃ≥–.o [1]
  .text                  ro code  0x0000509a    0x28  44_¡‚–ŒºÃ≥–”Î–ÈºÃ≥–.o [1]
  .text                  ro code  0x000050c2     0xa  44_¡‚–ŒºÃ≥–”Î–ÈºÃ≥–.o [1]
  .text                  ro code  0x000050cc     0x2  44_¡‚–ŒºÃ≥–”Î–ÈºÃ≥–.o [1]
  .text                  ro code  0x000050ce    0x2e  44_¡‚–ŒºÃ≥–”Î–ÈºÃ≥–.o [1]
  .text                  ro code  0x000050fc     0x2  44_¡‚–ŒºÃ≥–”Î–ÈºÃ≥–.o [1]
  .text                  ro code  0x000050fe     0x8  44_¡‚–ŒºÃ≥–”Î–ÈºÃ≥–.o [1]
  .text                  ro code  0x00005106    0x12  44_¡‚–ŒºÃ≥–”Î–ÈºÃ≥–.o [1]
  .text                  ro code  0x00005118     0xa  44_¡‚–ŒºÃ≥–”Î–ÈºÃ≥–.o [1]
  .text                  ro code  0x00005122     0x8  44_¡‚–ŒºÃ≥–”Î–ÈºÃ≥–.o [1]
  .text                  ro code  0x0000512a     0x8  44_¡‚–ŒºÃ≥–”Î–ÈºÃ≥–.o [1]
  .text                  ro code  0x00005132     0x8  44_¡‚–ŒºÃ≥–”Î–ÈºÃ≥–.o [1]
  .text                  ro code  0x0000513a     0x8  44_¡‚–ŒºÃ≥–”Î–ÈºÃ≥–.o [1]
  .text                  ro code  0x00005142    0x12  44_¡‚–ŒºÃ≥–”Î–ÈºÃ≥–.o [1]
  .text                  ro code  0x00005154     0x8  44_¡‚–ŒºÃ≥–”Î–ÈºÃ≥–.o [1]
  .text                  ro code  0x0000515c     0x8  44_¡‚–ŒºÃ≥–”Î–ÈºÃ≥–.o [1]
  .text                  ro code  0x00005164    0x12  44_¡‚–ŒºÃ≥–”Î–ÈºÃ≥–.o [1]
  .text                  ro code  0x00005176     0x8  44_¡‚–ŒºÃ≥–”Î–ÈºÃ≥–.o [1]
  .text                  ro code  0x00005180    0xa0  cppinit.o [3]
  .text                  ro code  0x00005220     0x8  44_¡‚–ŒºÃ≥–”Î–ÈºÃ≥–.o [1]
  .text                  ro code  0x00005228    0x12  44_¡‚–ŒºÃ≥–”Î–ÈºÃ≥–.o [1]
  .text                  ro code  0x0000523a    0x18  44_¡‚–ŒºÃ≥–”Î–ÈºÃ≥–.o [1]
  .text                  ro code  0x00005252    0xd6  44_¡‚–ŒºÃ≥–”Î–ÈºÃ≥–.o [1]
  .text                  ro code  0x00005328    0x78  ABImemmove_unaligned.o [6]
  .text                  ro code  0x000053a0     0x6  44_¡‚–ŒºÃ≥–”Î–ÈºÃ≥–.o [1]
  .text                  ro code  0x000053a6    0x10  44_¡‚–ŒºÃ≥–”Î–ÈºÃ≥–.o [1]
  .text                  ro code  0x000053b6    0x32  44_¡‚–ŒºÃ≥–”Î–ÈºÃ≥–.o [1]
  .text                  ro code  0x000053e8    0x12  44_¡‚–ŒºÃ≥–”Î–ÈºÃ≥–.o [1]
  .text                  ro code  0x000053fc     0xc  44_¡‚–ŒºÃ≥–”Î–ÈºÃ≥–.o [1]
  .text                  ro code  0x00005408    0x1c  44_¡‚–ŒºÃ≥–”Î–ÈºÃ≥–.o [1]
  .text                  ro code  0x00005424     0x2  44_¡‚–ŒºÃ≥–”Î–ÈºÃ≥–.o [1]
  .text                  ro code  0x00005426     0x8  44_¡‚–ŒºÃ≥–”Î–ÈºÃ≥–.o [1]
  .text                  ro code  0x0000542e     0x2  44_¡‚–ŒºÃ≥–”Î–ÈºÃ≥–.o [1]
  .text                  ro code  0x00005430     0xc  44_¡‚–ŒºÃ≥–”Î–ÈºÃ≥–.o [1]
  .text                  ro code  0x0000543c     0x2  44_¡‚–ŒºÃ≥–”Î–ÈºÃ≥–.o [1]
  .text                  ro code  0x00005440    0x28  44_¡‚–ŒºÃ≥–”Î–ÈºÃ≥–.o [1]
  .text                  ro code  0x00005468     0x2  44_¡‚–ŒºÃ≥–”Î–ÈºÃ≥–.o [1]
  .text                  ro code  0x0000546a     0x8  44_¡‚–ŒºÃ≥–”Î–ÈºÃ≥–.o [1]
  .text                  ro code  0x00005472     0x8  44_¡‚–ŒºÃ≥–”Î–ÈºÃ≥–.o [1]
  .text                  ro code  0x0000547a     0x8  44_¡‚–ŒºÃ≥–”Î–ÈºÃ≥–.o [1]
  .text                  ro code  0x00005482     0x2  44_¡‚–ŒºÃ≥–”Î–ÈºÃ≥–.o [1]
  .text                  ro code  0x00005484    0x18  44_¡‚–ŒºÃ≥–”Î–ÈºÃ≥–.o [1]
  .text                  ro code  0x0000549c    0x66  ABImemset.o [6]
  .text                  ro code  0x00005502    0x18  44_¡‚–ŒºÃ≥–”Î–ÈºÃ≥–.o [1]
  .text                  ro code  0x0000551a     0xe  44_¡‚–ŒºÃ≥–”Î–ÈºÃ≥–.o [1]
  .text                  ro code  0x00005528     0x4  44_¡‚–ŒºÃ≥–”Î–ÈºÃ≥–.o [1]
  .text                  ro code  0x0000552c     0x2  44_¡‚–ŒºÃ≥–”Î–ÈºÃ≥–.o [1]
  .text                  ro code  0x0000552e     0x8  44_¡‚–ŒºÃ≥–”Î–ÈºÃ≥–.o [1]
  .text                  ro code  0x00005536     0xa  44_¡‚–ŒºÃ≥–”Î–ÈºÃ≥–.o [1]
  .text                  ro code  0x00005540     0x2  44_¡‚–ŒºÃ≥–”Î–ÈºÃ≥–.o [1]
  .text                  ro code  0x00005542     0x8  44_¡‚–ŒºÃ≥–”Î–ÈºÃ≥–.o [1]
  .text                  ro code  0x0000554c    0x70  44_¡‚–ŒºÃ≥–”Î–ÈºÃ≥–.o [1]
  .text                  ro code  0x000055bc     0x4  44_¡‚–ŒºÃ≥–”Î–ÈºÃ≥–.o [1]
  .text                  ro code  0x000055c0     0x2  44_¡‚–ŒºÃ≥–”Î–ÈºÃ≥–.o [1]
  .text                  ro code  0x000055c2     0x8  44_¡‚–ŒºÃ≥–”Î–ÈºÃ≥–.o [1]
  .text                  ro code  0x000055ca     0xe  44_¡‚–ŒºÃ≥–”Î–ÈºÃ≥–.o [1]
  .text                  ro code  0x000055d8     0x2  44_¡‚–ŒºÃ≥–”Î–ÈºÃ≥–.o [1]
  .text                  ro code  0x000055da    0x18  44_¡‚–ŒºÃ≥–”Î–ÈºÃ≥–.o [1]
  .text                  ro code  0x000055f2     0x2  44_¡‚–ŒºÃ≥–”Î–ÈºÃ≥–.o [1]
  .text                  ro code  0x000055f4     0xa  delop_0.o [4]
  .text                  ro code  0x000055fe    0x34  44_¡‚–ŒºÃ≥–”Î–ÈºÃ≥–.o [1]
  .text                  ro code  0x00005632    0x1a  44_¡‚–ŒºÃ≥–”Î–ÈºÃ≥–.o [1]
  .text                  ro code  0x0000564c     0x6  44_¡‚–ŒºÃ≥–”Î–ÈºÃ≥–.o [1]
  .text                  ro code  0x00005652    0x12  44_¡‚–ŒºÃ≥–”Î–ÈºÃ≥–.o [1]
  .text                  ro code  0x00005664    0x20  44_¡‚–ŒºÃ≥–”Î–ÈºÃ≥–.o [1]
  .text                  ro code  0x00005684     0x4  heaptramp0.o [3]
  .text                  ro code  0x00005688    0x24  newop_0.o [4]
  .text                  ro code  0x000056ac     0x4  44_¡‚–ŒºÃ≥–”Î–ÈºÃ≥–.o [1]
  .text                  ro code  0x000056b0     0x4  nomemory.o [4]
  .text                  ro code  0x000056b4   0x100  ios.o [4]
  .text                  ro code  0x000057b4    0xc4  44_¡‚–ŒºÃ≥–”Î–ÈºÃ≥–.o [1]
  .text                  ro code  0x00005878    0x72  44_¡‚–ŒºÃ≥–”Î–ÈºÃ≥–.o [1]
  .text                  ro code  0x000058ea     0x4  44_¡‚–ŒºÃ≥–”Î–ÈºÃ≥–.o [1]
  .text                  ro code  0x000058f0    0x24  44_¡‚–ŒºÃ≥–”Î–ÈºÃ≥–.o [1]
  .text                  ro code  0x00005914     0x6  44_¡‚–ŒºÃ≥–”Î–ÈºÃ≥–.o [1]
  .text                  ro code  0x0000591a     0x4  44_¡‚–ŒºÃ≥–”Î–ÈºÃ≥–.o [1]
  .text                  ro code  0x0000591e     0x8  44_¡‚–ŒºÃ≥–”Î–ÈºÃ≥–.o [1]
  .text                  ro code  0x00005926    0x18  44_¡‚–ŒºÃ≥–”Î–ÈºÃ≥–.o [1]
  .text                  ro code  0x0000593e     0x4  44_¡‚–ŒºÃ≥–”Î–ÈºÃ≥–.o [1]
  .text                  ro code  0x00005942     0x8  44_¡‚–ŒºÃ≥–”Î–ÈºÃ≥–.o [1]
  .text                  ro code  0x0000594a    0x28  44_¡‚–ŒºÃ≥–”Î–ÈºÃ≥–.o [1]
  .text                  ro code  0x00005972     0xe  44_¡‚–ŒºÃ≥–”Î–ÈºÃ≥–.o [1]
  .text                  ro code  0x00005980     0x8  44_¡‚–ŒºÃ≥–”Î–ÈºÃ≥–.o [1]
  .text                  ro code  0x00005988    0x14  44_¡‚–ŒºÃ≥–”Î–ÈºÃ≥–.o [1]
  .text                  ro code  0x0000599c     0x4  44_¡‚–ŒºÃ≥–”Î–ÈºÃ≥–.o [1]
  .text                  ro code  0x000059a0    0x54  44_¡‚–ŒºÃ≥–”Î–ÈºÃ≥–.o [1]
  .text                  ro code  0x000059f4    0x18  44_¡‚–ŒºÃ≥–”Î–ÈºÃ≥–.o [1]
  .text                  ro code  0x00005a0c     0x4  44_¡‚–ŒºÃ≥–”Î–ÈºÃ≥–.o [1]
  .text                  ro code  0x00005a10    0x18  44_¡‚–ŒºÃ≥–”Î–ÈºÃ≥–.o [1]
  .text                  ro code  0x00005a28     0x8  44_¡‚–ŒºÃ≥–”Î–ÈºÃ≥–.o [1]
  .text                  ro code  0x00005a30    0x28  44_¡‚–ŒºÃ≥–”Î–ÈºÃ≥–.o [1]
  .text                  ro code  0x00005a58     0xa  44_¡‚–ŒºÃ≥–”Î–ÈºÃ≥–.o [1]
  .text                  ro code  0x00005a62    0x14  44_¡‚–ŒºÃ≥–”Î–ÈºÃ≥–.o [1]
  .text                  ro code  0x00005a76     0x8  44_¡‚–ŒºÃ≥–”Î–ÈºÃ≥–.o [1]
  .text                  ro code  0x00005a7e     0x8  44_¡‚–ŒºÃ≥–”Î–ÈºÃ≥–.o [1]
  .text                  ro code  0x00005a86    0x54  44_¡‚–ŒºÃ≥–”Î–ÈºÃ≥–.o [1]
  .text                  ro code  0x00005ada     0x8  44_¡‚–ŒºÃ≥–”Î–ÈºÃ≥–.o [1]
  .text                  ro code  0x00005ae4     0xc  44_¡‚–ŒºÃ≥–”Î–ÈºÃ≥–.o [1]
  .text                  ro code  0x00005af0    0x48  44_¡‚–ŒºÃ≥–”Î–ÈºÃ≥–.o [1]
  .text                  ro code  0x00005b38    0x46  44_¡‚–ŒºÃ≥–”Î–ÈºÃ≥–.o [1]
  .text                  ro code  0x00005b80    0xac  iostream_cout.o [4]
  .text                  ro code  0x00005c2c    0x54  iostream_cout.o [4]
  .text                  ro code  0x00005c80    0xa2  44_¡‚–ŒºÃ≥–”Î–ÈºÃ≥–.o [1]
  .text                  ro code  0x00005d22    0x7c  44_¡‚–ŒºÃ≥–”Î–ÈºÃ≥–.o [1]
  .text                  ro code  0x00005d9e    0x22  44_¡‚–ŒºÃ≥–”Î–ÈºÃ≥–.o [1]
  .text                  ro code  0x00005dc0    0x6c  44_¡‚–ŒºÃ≥–”Î–ÈºÃ≥–.o [1]
  .text                  ro code  0x00005e2c    0x78  44_¡‚–ŒºÃ≥–”Î–ÈºÃ≥–.o [1]
  .text                  ro code  0x00005ea4    0x14  44_¡‚–ŒºÃ≥–”Î–ÈºÃ≥–.o [1]
  .text                  ro code  0x00005eb8     0x6  44_¡‚–ŒºÃ≥–”Î–ÈºÃ≥–.o [1]
  .text                  ro code  0x00005ebe    0x24  44_¡‚–ŒºÃ≥–”Î–ÈºÃ≥–.o [1]
  .text                  ro code  0x00005ee2     0x6  44_¡‚–ŒºÃ≥–”Î–ÈºÃ≥–.o [1]
  .text                  ro code  0x00005ee8     0x6  44_¡‚–ŒºÃ≥–”Î–ÈºÃ≥–.o [1]
  .text                  ro code  0x00005eee    0x76  44_¡‚–ŒºÃ≥–”Î–ÈºÃ≥–.o [1]
  .text                  ro code  0x00005f64    0x64  demo_test01.o [1]
  .text                  ro code  0x00005fc8    0x24  scanf.o [3]
  .text                  ro code  0x00005fec    0x38  getchar.o [3]
  .text                  ro code  0x00006024    0x30  read.o [7]
  .text                  ro code  0x00006054    0x5c  44_¡‚–ŒºÃ≥–”Î–ÈºÃ≥–.o [1]
  .text                  ro code  0x000060b0    0x40  sprintf.o [3]
  .text                  ro code  0x000060f0    0x52  44_¡‚–ŒºÃ≥–”Î–ÈºÃ≥–.o [1]
  .text                  ro code  0x00006142    0x32  44_¡‚–ŒºÃ≥–”Î–ÈºÃ≥–.o [1]
  .rodata                const    0x00006174    0x44  iostream_cout.o [4]
  .text                  ro code  0x000061b8    0x40  zero_init3.o [6]
  .text                  ro code  0x000061f8    0x38  iostream_cout.o [4]
  .text                  ro code  0x00006230    0x20  putchar.o [3]
  .text                  ro code  0x00006250    0x10  write.o [7]
  .text                  ro code  0x00006260    0x1e  dwrite.o [7]
  .text                  ro code  0x0000627e    0x20  iarwstd.o [7]
  .text                  ro code  0x0000629e    0x22  iarwrite.o [7]
  .rodata                const    0x000062c0    0x30  44_¡‚–ŒºÃ≥–”Î–ÈºÃ≥–.o [1]
  .rodata                const    0x000062f0    0x30  44_¡‚–ŒºÃ≥–”Î–ÈºÃ≥–.o [1]
  .text                  ro code  0x00006320    0x2e  44_¡‚–ŒºÃ≥–”Î–ÈºÃ≥–.o [1]
  .text                  ro code  0x0000634e    0x12  44_¡‚–ŒºÃ≥–”Î–ÈºÃ≥–.o [1]
  .text                  ro code  0x00006360     0x6  44_¡‚–ŒºÃ≥–”Î–ÈºÃ≥–.o [1]
  .text                  ro code  0x00006366    0x2c  copy_init3.o [6]
  .rodata                const    0x00006394    0x28  iostream_cout.o [4]
  .text                  ro code  0x000063bc    0x28  data_init.o [6]
  .rodata                const    0x000063e4    0x24  44_¡‚–ŒºÃ≥–”Î–ÈºÃ≥–.o [1]
  .rodata                const    0x00006408    0x24  44_¡‚–ŒºÃ≥–”Î–ÈºÃ≥–.o [1]
  .text                  ro code  0x0000642c    0x24  44_¡‚–ŒºÃ≥–”Î–ÈºÃ≥–.o [1]
  .text                  ro code  0x00006450    0x18  44_¡‚–ŒºÃ≥–”Î–ÈºÃ≥–.o [1]
  .text                  ro code  0x00006468    0x12  44_¡‚–ŒºÃ≥–”Î–ÈºÃ≥–.o [1]
  .iar.init_table        const    0x0000647c    0x28  - Linker created -
  .text                  ro code  0x000064a4    0x20  cmain_call_ctors.o [6]
  .text                  ro code  0x000064c4    0x1e  cmain.o [6]
  .text                  ro code  0x000064e2     0x4  low_level_init.o [3]
  .text                  ro code  0x000064e6     0xe  main.o [1]
  .text                  ro code  0x000064f4     0x4  exit.o [3]
  .text                  ro code  0x000064f8     0x8  cpp_learn.o [1]
  .text                  ro code  0x00006500     0x8  demo.o [1]
  .text                  ro code  0x00006508     0xe  cexit.o [6]
  .rodata                const    0x00006518    0x18  44_¡‚–ŒºÃ≥–”Î–ÈºÃ≥–.o [1]
  .text                  ro code  0x00006530    0x18  44_¡‚–ŒºÃ≥–”Î–ÈºÃ≥–.o [1]
  .text                  ro code  0x00006548    0x18  44_¡‚–ŒºÃ≥–”Î–ÈºÃ≥–.o [1]
  .text                  ro code  0x00006560     0x4  delaop_0.o [4]
  .text                  ro code  0x00006564    0x14  iostream_cout.o [4]
  .rodata                const    0x00006578    0x10  44_¡‚–ŒºÃ≥–”Î–ÈºÃ≥–.o [1]
  .rodata                const    0x00006588    0x10  44_¡‚–ŒºÃ≥–”Î–ÈºÃ≥–.o [1]
  .rodata                const    0x00006598    0x10  44_¡‚–ŒºÃ≥–”Î–ÈºÃ≥–.o [1]
  .rodata                const    0x000065a8    0x10  ios.o [4]
  .rodata                const    0x000065b8    0x10  iostream_cout.o [4]
  .text                  ro code  0x000065c8     0xe  44_¡‚–ŒºÃ≥–”Î–ÈºÃ≥–.o [1]
  .text                  ro code  0x000065d6     0x8  44_¡‚–ŒºÃ≥–”Î–ÈºÃ≥–.o [1]
  .text                  ro code  0x000065de     0xe  iostream_cout.o [4]
  .text                  ro code  0x000065ec     0xe  xscin.o [3]
  .rodata                const    0x000065fc     0xc  44_¡‚–ŒºÃ≥–”Î–ÈºÃ≥–.o [1]
  .rodata                const    0x00006608     0xc  44_¡‚–ŒºÃ≥–”Î–ÈºÃ≥–.o [1]
  .text                  ro code  0x00006614     0xc  cstartup_M.o [6]
  Initializer bytes      const    0x00006620     0xc  <for P2-1>
  .text                  ro code  0x0000662c     0xa  44_¡‚–ŒºÃ≥–”Î–ÈºÃ≥–.o [1]
  .rodata                const    0x00006638     0x8  44_¡‚–ŒºÃ≥–”Î–ÈºÃ≥–.o [1]
  .rodata                const    0x00006640     0x8  44_¡‚–ŒºÃ≥–”Î–ÈºÃ≥–.o [1]
  SHT$$PREINIT_ARRAY              0x00006648     0x4  <Block>
    .preinit_array       const    0x00006648     0x4  iostream_cout.o [4]
  SHT$$INIT_ARRAY                 0x0000664c     0x4  <Block>
    .init_array          const    0x0000664c     0x4  ios.o [4]
  __iar_tls$$INIT_ARRAY           0x00006650     0x0  <Block>
  .rodata                const    0x00006650     0x4  44_¡‚–ŒºÃ≥–”Î–ÈºÃ≥–.o [1]
  .text                  ro code  0x00006654     0x4  44_¡‚–ŒºÃ≥–”Î–ÈºÃ≥–.o [1]
  .text                  ro code  0x00006658     0x4  iostream_cout.o [4]
  .text                  ro code  0x0000665c     0x0  cstart_call_dtors.o [6]
  .rodata                const    0x0000665c     0x0  zero_init3.o [6]
  .rodata                const    0x0000665c     0x0  copy_init3.o [6]
                                - 0x0000665c  0x661c

"P2", part 1 of 3:                               0xc
  P2-1                            0x20000000     0xc  <Init block>
    .data                inited   0x20000000     0x4  getchar.o [3]
    .data                inited   0x20000004     0x8  XShttio.o [3]
                                - 0x2000000c     0xc

"P2", part 2 of 3:                             0x2dc
  .bss                   zero     0x2000000c   0x1d8  dlmalloc.o [3]
  .bss                   zero     0x200001e4    0x70  iostream_cout.o [4]
  .bss                   zero     0x20000254    0x34  ios.o [4]
  .bss                   zero     0x20000288    0x18  dlmalloc.o [3]
  .bss                   zero     0x200002a0    0x14  44_¡‚–ŒºÃ≥–”Î–ÈºÃ≥–.o [1]
  .bss                   zero     0x200002b8    0x10  ios.o [4]
  .bss                   zero     0x200002c8     0x4  44_¡‚–ŒºÃ≥–”Î–ÈºÃ≥–.o [1]
  .bss                   zero     0x200002cc     0x4  44_¡‚–ŒºÃ≥–”Î–ÈºÃ≥–.o [1]
  .bss                   zero     0x200002d0     0x4  cppinit.o [3]
  .bss                   zero     0x200002d4     0x4  cppinit.o [3]
  .bss                   zero     0x200002d8     0x4  new.o [4]
  .bss                   zero     0x200002dc     0x4  xfail_s.o [3]
  .bss                   zero     0x200002e0     0x4  xgetmemchunk.o [3]
  .bss                   zero     0x200002e4     0x1  44_¡‚–ŒºÃ≥–”Î–ÈºÃ≥–.o [1]
  .bss                   zero     0x200002e5     0x1  44_¡‚–ŒºÃ≥–”Î–ÈºÃ≥–.o [1]
  .bss                   zero     0x200002e6     0x1  44_¡‚–ŒºÃ≥–”Î–ÈºÃ≥–.o [1]
  .bss                   zero     0x200002e7     0x1  XShttio.o [3]
                                - 0x200002e8   0x2dc

"P2", part 3 of 3:                             0xda8
  .iar.dynexit                    0x200002e8   0x1a4  <Block>
    .iar.dynexit         uninit   0x200002e8     0xc  cppinit.o [3]
    .iar.dynexit         uninit   0x200002f4   0x198  <Block tail>
  CSTACK                          0x20000490   0x400  <Block>
    CSTACK               uninit   0x20000490   0x400  <Block tail>
  HEAP                            0x20000890   0x800  <Block>
    HEAP                 uninit   0x20000890   0x800  <Block tail>
                                - 0x20001090   0xda8


*******************************************************************************
*** INIT TABLE
***

          Address     Size
          -------     ----
Zero (__iar_zero_init3)
    1 destination range, total size 0x2dc:
          0x2000000c  0x2dc

Copy (__iar_copy_init3)
    1 source range, total size 0xc:
          0x00006620    0xc
    1 destination range, total size 0xc:
          0x20000000    0xc

Extra (__iar_cstart_call_ctors)



*******************************************************************************
*** MODULE SUMMARY
***

    Module                  ro code  ro data  rw data
    ------                  -------  -------  -------
\\wsl.localhost\Ubuntu-20.04\home\stone\code\test\Debug\Obj: [1]
    44_¡‚–ŒºÃ≥–”Î–ÈºÃ≥–.o             4 786      285       31
    cpp_learn.o                   8
    demo.o                        8
    demo_test01.o               100
    main.o                       14
    -------------------------------------------------
    Total:                    4 916      285       31

command line: [2]
    -------------------------------------------------
    Total:

dl7M_tln.a: [3]
    XShttio.o                    60        8        9
    abort.o                       6
    cppinit.o                   160                20
    dlmalloc.o                5 332               496
    exit.o                        4
    getchar.o                    56        4        4
    heaptramp0.o                  4
    iar_Stoflt.o                456
    iar_Stollx.o                152
    iar_Stopfx.o                288
    iar_Stoullx.o               440
    iar_Stoxflt.o               532
    low_level_init.o              4
    putchar.o                    32
    scanf.o                      36
    sprintf.o                    64
    xfail_s.o                    68                 4
    xgetmemchunk.o               44                 4
    xprintffull_nomb.o        3 614
    xscanffull_nomb.o         3 452
    xscin.o                      14
    xsprout.o                    10
    -------------------------------------------------
    Total:                   14 828       12      537

dlpp7M_tl_nc.a: [4]
    cxxabi.o                     10
    delaop_0.o                    4
    delop_0.o                    10
    ios.o                       256       20       68
    iostream_cout.o             360      196      112
    new.o                                           4
    newop_0.o                    36
    nomemory.o                    4
    -------------------------------------------------
    Total:                      680      216      184

m7M_tl.a: [5]
    DblAdd.o                    376
    DblCmpGe.o                   46
    DblCmpLe.o                   46
    DblDiv.o                    582
    DblMul.o                    418
    DblSub.o                    226
    DblToFlt.o                  104
    DblToS32.o                   58
    DblToU32.o                   40
    S32ToDbl.o                   34
    U32ToDbl.o                   26
    frexp.o                     112
    ldexp.o                     314
    strto64.o                 1 128
    -------------------------------------------------
    Total:                    3 510

rt7M_tl.a: [6]
    ABImemcpy_unaligned.o       118
    ABImemmove_unaligned.o      120
    ABImemset.o                 102
    I64DivMod.o                 558
    I64DivZer.o                   2
    cexit.o                      14
    cmain.o                      30
    cmain_call_ctors.o           32
    copy_init3.o                 44
    cstart_call_dtors.o
    cstartup_M.o                 12
    data_init.o                  40
    memchr.o                     88
    strchr.o                     22
    strlen.o                     54
    vector_table_M.o             66
    zero_init3.o                 64
    -------------------------------------------------
    Total:                    1 366

shb_l.a: [7]
    dwrite.o                     30
    exit.o                       20
    iarttio.o                   124
    iarwrite.o                   34
    iarwstd.o                    32
    read.o                       48
    unwind_debug.o                         1
    write.o                      16
    -------------------------------------------------
    Total:                      304        1

    Gaps                         36       10        4
    Linker created                        40    3 480
-----------------------------------------------------
    Grand Total:             25 640      564    4 236


*******************************************************************************
*** ENTRY LIST
***

Entry                      Address   Size  Type      Object
-----                      -------   ----  ----      ------
.iar.dynexit$$Base      0x200002e8          --   Gb  - Linker created -
.iar.dynexit$$Limit     0x2000048c          --   Gb  - Linker created -
.iar.init_table$$Base   0x0000647c          --   Gb  - Linker created -
.iar.init_table$$Limit  0x000064a4          --   Gb  - Linker created -
?main                   0x000064c5         Code  Gb  cmain.o [6]
CSTACK$$Base            0x20000490          --   Gb  - Linker created -
CSTACK$$Limit           0x20000890          --   Gb  - Linker created -
CppLearn                0x000064f9    0x8  Code  Gb  cpp_learn.o [1]
Demo                    0x00006501    0x8  Code  Gb  demo.o [1]
DemoTest01              0x00005f65   0x64  Code  Gb  demo_test01.o [1]
Dtentox                 0x000041ed  0x190  Code  Lc  strto64.o [5]
DtorRecArray            0x200002e8    0xc  Data  Lc  cppinit.o [3]
HEAP$$Base              0x20000890          --   Gb  - Linker created -
HEAP$$Limit             0x20001090          --   Gb  - Linker created -
Initialization guard variable for std::ctype<char> const & std::use_facet<std::ctype<char>>()::_MyFacet
                        0x200002e5    0x1  Data  Gb  44_¡‚–ŒºÃ≥–”Î–ÈºÃ≥–.o [1]
Initialization guard variable for std::num_put<char, std::ostreambuf_iterator<char, std::char_traits<char>>> const & std::use_facet<std::num_put<char, std::ostreambuf_iterator<char, std::char_traits<char>>>>()::_MyFacet
                        0x200002e4    0x1  Data  Gb  44_¡‚–ŒºÃ≥–”Î–ÈºÃ≥–.o [1]
Initialization guard variable for std::numpunct<char> const & std::use_facet<std::numpunct<char>>()::_MyFacet
                        0x200002e6    0x1  Data  Gb  44_¡‚–ŒºÃ≥–”Î–ÈºÃ≥–.o [1]
LoadInt                 0x000017cf   0x7a  Code  Lc  xprintffull_nomb.o [3]
Region$$Table$$Base     0x0000647c          --   Gb  - Linker created -
Region$$Table$$Limit    0x000064a4          --   Gb  - Linker created -
SHT$$INIT_ARRAY$$Base   0x0000664c          --   Gb  - Linker created -
SHT$$INIT_ARRAY$$Limit  0x00006650          --   Gb  - Linker created -
SHT$$PREINIT_ARRAY$$Base
                        0x00006648          --   Gb  - Linker created -
SHT$$PREINIT_ARRAY$$Limit
                        0x0000664c          --   Gb  - Linker created -
Sheep::Sheep() [subobject]
                        0x00005ee3    0x6  Code  Gb  44_¡‚–ŒºÃ≥–”Î–ÈºÃ≥–.o [1]
SheepTuo::SheepTuo()    0x00005ea5   0x14  Code  Gb  44_¡‚–ŒºÃ≥–”Î–ÈºÃ≥–.o [1]
SheepTuo::SheepTuo() [subobject]
                        0x00005ebf   0x24  Code  Gb  44_¡‚–ŒºÃ≥–”Î–ÈºÃ≥–.o [1]
Tuo::Tuo() [subobject]  0x00005ee9    0x6  Code  Gb  44_¡‚–ŒºÃ≥–”Î–ÈºÃ≥–.o [1]
Virtual function table for SheepTuo
                        0x00006518   0x18  Data  Gb  44_¡‚–ŒºÃ≥–”Î–ÈºÃ≥–.o [1]
Virtual function table for std::_Wrap_facet<std::ctype<char>>
                        0x00006598   0x10  Data  Gb  44_¡‚–ŒºÃ≥–”Î–ÈºÃ≥–.o [1]
Virtual function table for std::_Wrap_facet<std::num_put<char, std::ostreambuf_iterator<char, std::char_traits<char>>>>
                        0x000062f0   0x30  Data  Gb  44_¡‚–ŒºÃ≥–”Î–ÈºÃ≥–.o [1]
Virtual function table for std::_Wrap_facet<std::numpunct<char>>
                        0x00006408   0x24  Data  Gb  44_¡‚–ŒºÃ≥–”Î–ÈºÃ≥–.o [1]
Virtual function table for std::__nobasic_filebuf<char, std::char_traits<char>>
                        0x00006174   0x44  Data  Gb  iostream_cout.o [4]
Virtual function table for std::ctype<char>
                        0x00006578   0x10  Data  Gb  44_¡‚–ŒºÃ≥–”Î–ÈºÃ≥–.o [1]
Virtual function table for std::ios
                        0x000065b8   0x10  Data  Gb  iostream_cout.o [4]
Virtual function table for std::ios_base
                        0x000065a8   0x10  Data  Gb  ios.o [4]
Virtual function table for std::num_put<char, std::ostreambuf_iterator<char, std::char_traits<char>>>
                        0x000062c0   0x30  Data  Gb  44_¡‚–ŒºÃ≥–”Î–ÈºÃ≥–.o [1]
Virtual function table for std::numpunct<char>
                        0x000063e4   0x24  Data  Gb  44_¡‚–ŒºÃ≥–”Î–ÈºÃ≥–.o [1]
Virtual function table for std::ostream
                        0x00006394   0x28  Data  Gb  iostream_cout.o [4]
Virtual function table for std::streambuf
                        0x0000409c   0x44  Data  Gb  iostream_cout.o [4]
Virtual table table for SheepTuo
                        0x00006588   0x10  Data  Gb  44_¡‚–ŒºÃ≥–”Î–ÈºÃ≥–.o [1]
[local to ios_cpp]::std::stdopens
                        0x20000254    0xc  Data  Lc  ios.o [4]
[local to ios_cpp]::std::stdstr
                        0x20000260   0x28  Data  Lc  ios.o [4]
[local to iostream_cout_cpp]::std::__iarcoutguard
                        0x20000210    0x1  Data  Lc  iostream_cout.o [4]
[local to iostream_cout_cpp]::std::fout
                        0x20000214   0x40  Data  Lc  iostream_cout.o [4]
_GenldFullNoMb          0x0000213b  0x274  Code  Lc  xprintffull_nomb.o [3]
_GetN                   0x000030d1   0x22  Code  Lc  xscanffull_nomb.o [3]
_GetfldFullNoMb         0x000032dd  0x12a  Code  Lc  xscanffull_nomb.o [3]
_GetfloatFullNoMb       0x00003815  0x580  Code  Lc  xscanffull_nomb.o [3]
_GetintFullNoMb         0x000035eb  0x224  Code  Lc  xscanffull_nomb.o [3]
_GetstrFullNoMb         0x00003449  0x19c  Code  Lc  xscanffull_nomb.o [3]
_LdtobFullNoMb          0x00001d11  0x3fe  Code  Lc  xprintffull_nomb.o [3]
_LitobFullNoMb          0x00001bb9  0x112  Code  Lc  xprintffull_nomb.o [3]
_PrintfFullNoMb         0x0000161d  0x1a4  Code  Gb  xprintffull_nomb.o [3]
_PutcharsFullNoMb       0x000023af   0x2e  Code  Lc  xprintffull_nomb.o [3]
_PutfldFullNoMb         0x00001849  0x264  Code  Lc  xprintffull_nomb.o [3]
_PuttxtFullNoMb         0x00001aad  0x10c  Code  Lc  xprintffull_nomb.o [3]
_SProut                 0x0000151b    0xa  Code  Gb  xsprout.o [3]
_ScanfFullNoMb          0x0000310d  0x1be  Code  Gb  xscanffull_nomb.o [3]
_Scin                   0x000065ed    0xe  Code  Gb  xscin.o [3]
_UngetChar              0x20000000    0x4  Data  Lc  getchar.o [3]
_UngetN                 0x000030f3   0x1a  Code  Lc  xscanffull_nomb.o [3]
_ZTV3Tuo__8SheepTuo     0x00006608    0xc  Data  Gb  44_¡‚–ŒºÃ≥–”Î–ÈºÃ≥–.o [1]
_ZTV5Sheep__8SheepTuo   0x000065fc    0xc  Data  Gb  44_¡‚–ŒºÃ≥–”Î–ÈºÃ≥–.o [1]
__aeabi_atexit          0x00004fc5    0xa  Code  Gb  cxxabi.o [4]
__aeabi_cdcmple         0x000029e9         Code  Gb  DblCmpLe.o [5]
__aeabi_cdrcmple        0x00002a19         Code  Gb  DblCmpGe.o [5]
__aeabi_d2f             0x00004549         Code  Gb  DblToFlt.o [5]
__aeabi_d2iz            0x00002b85         Code  Gb  DblToS32.o [5]
__aeabi_d2uiz           0x00002f11         Code  Gb  DblToU32.o [5]
__aeabi_dadd            0x00002f59         Code  Gb  DblAdd.o [5]
__aeabi_ddiv            0x00002cc9         Code  Gb  DblDiv.o [5]
__aeabi_dmul            0x0000275d         Code  Gb  DblMul.o [5]
__aeabi_dsub            0x00002be5         Code  Gb  DblSub.o [5]
__aeabi_i2d             0x00002bc1         Code  Gb  S32ToDbl.o [5]
__aeabi_ldiv0           0x00002f55         Code  Gb  I64DivZer.o [6]
__aeabi_memset          0x0000549d         Code  Gb  ABImemset.o [6]
__aeabi_ui2d            0x00002f39         Code  Gb  U32ToDbl.o [5]
__aeabi_uldivmod        0x0000252d         Code  Gb  I64DivMod.o [6]
__call_ctors            0x00005181   0x18  Code  Gb  cppinit.o [3]
__call_dtors            0x000051cf    0xc  Code  Gb  cppinit.o [3]
__call_dtors0           0x000051db   0x36  Code  Gb  cppinit.o [3]
__cexit_call_dtors      0x0000650b         Code  Gb  cexit.o [6]
__cmain                 0x000064c5         Code  Gb  cmain.o [6]
__cstart_call_dtors     0x0000665c         Data  Gb  cstart_call_dtors.o [6]
__cxa_atexit            0x00005199   0x36  Code  Gb  cppinit.o [3]
__data_GetMemChunk      0x00001525   0x2c  Code  Gb  xgetmemchunk.o [3]
__data_GetMemChunk::start
                        0x200002e0    0x4  Data  Lc  xgetmemchunk.o [3]
__dso_handle            0x200002d4    0x4  Data  Gb  cppinit.o [3]
__dwrite                0x00006261   0x1e  Code  Gb  dwrite.o [7]
__exit                  0x00001551   0x14  Code  Gb  exit.o [7]
__iar_Fail_s            0x00002459   0x1e  Code  Gb  xfail_s.o [3]
__iar_Memchr            0x000024d5         Code  Gb  memchr.o [6]
__iar_Memset            0x0000549d         Code  Gb  ABImemset.o [6]
__iar_Memset_word       0x000054a5         Code  Gb  ABImemset.o [6]
__iar_Sto64             0x0000437d  0x154  Code  Gb  strto64.o [5]
__iar_Stoflt            0x000046d1  0x1c8  Code  Gb  iar_Stoflt.o [3]
__iar_Stollx            0x00003e4d   0x92  Code  Gb  iar_Stollx.o [3]
__iar_Stopfx            0x000045b1  0x120  Code  Gb  iar_Stopfx.o [3]
__iar_Stoullx           0x00003ee5  0x15a  Code  Gb  iar_Stoullx.o [3]
__iar_Stoxflt           0x00004899  0x1de  Code  Gb  iar_Stoxflt.o [3]
__iar_Stoxflt::digits   0x00004a7c   0x18  Data  Lc  iar_Stoxflt.o [3]
__iar_Stoxflt::vals     0x00004a94   0x18  Data  Lc  iar_Stoxflt.o [3]
__iar_Strchr            0x00002441         Code  Gb  strchr.o [6]
__iar_close_ttio        0x00001565   0x2c  Code  Gb  iarttio.o [7]
__iar_copy_init3        0x00006367   0x2c  Code  Gb  copy_init3.o [6]
__iar_cstart_call_ctors
                        0x000064a5   0x20  Code  Gb  cmain_call_ctors.o [6]
__iar_dadd              0x00002bf5         Code  Gb  DblSub.o [5]
__iar_data_init3        0x000063bd   0x28  Code  Gb  data_init.o [6]
__iar_debug_exceptions  0x000028ff    0x1  Data  Gb  unwind_debug.o [7]
__iar_dlfree            0x0000101b  0x4f6  Code  Gb  dlmalloc.o [3]
__iar_dlmalloc          0x00000d65  0x2b6  Code  Gb  dlmalloc.o [3]
__iar_dsub              0x00002f69         Code  Gb  DblAdd.o [5]
__iar_dsubStart         0x00002f7b         Code  Gb  DblAdd.o [5]
__iar_frexp             0x00002985         Code  Gb  frexp.o [5]
__iar_frexp64           0x00002979         Code  Gb  frexp.o [5]
__iar_frexpl            0x00002985         Code  Gb  frexp.o [5]
__iar_get_ttio          0x00001591   0x4c  Code  Gb  iarttio.o [7]
__iar_ldexp64           0x00002a49         Code  Gb  ldexp.o [5]
__iar_lookup_ttioh      0x0000160f    0x4  Code  Gb  XShttio.o [3]
__iar_program_start     0x00006615         Code  Gb  cstartup_M.o [6]
__iar_scalbln64         0x00002a49         Code  Gb  ldexp.o [5]
__iar_scalbn64          0x00002a49         Code  Gb  ldexp.o [5]
__iar_sh_stdout         0x0000627f   0x20  Code  Gb  iarwstd.o [7]
__iar_sh_write          0x0000629f   0x22  Code  Gb  iarwrite.o [7]
__iar_systems$$module {Abs}
                        0x00000001         Data  Gb  command line/config [2]
__iar_tls$$INIT_ARRAY$$Base
                        0x00006650          --   Gb  - Linker created -
__iar_tls$$INIT_ARRAY$$Limit
                        0x00006650          --   Gb  - Linker created -
__iar_ttio_guard_lock   0x000015e1   0x1e  Code  Gb  XShttio.o [3]
__iar_ttio_guard_unlock
                        0x000015ff   0x10  Code  Gb  XShttio.o [3]
__iar_ttio_handles      0x20000004    0x8  Data  Lc  XShttio.o [3]
__iar_unaligned_memcpy  0x00002901         Code  Gb  ABImemcpy_unaligned.o [6]
__iar_unaligned_memcpy4
                        0x00002921         Code  Gb  ABImemcpy_unaligned.o [6]
__iar_unaligned_memcpy8
                        0x00002921         Code  Gb  ABImemcpy_unaligned.o [6]
__iar_unaligned_memmove
                        0x00005329         Code  Gb  ABImemmove_unaligned.o [6]
__iar_unaligned_memmove4
                        0x00005329         Code  Gb  ABImemmove_unaligned.o [6]
__iar_unaligned_memmove8
                        0x00005329         Code  Gb  ABImemmove_unaligned.o [6]
__iar_zero_init3        0x000061b9   0x40  Code  Gb  zero_init3.o [6]
__low_level_init        0x000064e3    0x4  Code  Gb  low_level_init.o [3]
__read                  0x00006025   0x30  Code  Gb  read.o [7]
__sti__routine          0x000056b7    0xa  Code  Lc  ios.o [4]
__sti__routine          0x00005b81   0xac  Code  Lc  iostream_cout.o [4]
__ungetchar             0x0000601b    0x6  Code  Gb  getchar.o [3]
__vector_table          0x00000000         Data  Gb  vector_table_M.o [6]
__write                 0x00006251   0x10  Code  Gb  write.o [7]
_call_main              0x000064d1         Code  Gb  cmain.o [6]
_exit                   0x00006509         Code  Gb  cexit.o [6]
_gm_                    0x2000000c  0x1d8  Data  Lc  dlmalloc.o [3]
_main                   0x000064df         Code  Gb  cmain.o [6]
abort                   0x00001515    0x6  Code  Gb  abort.o [3]
add_segment             0x00000405  0x1f2  Code  Lc  dlmalloc.o [3]
char * && std::forward<char *>(std::remove_reference<char *>::type &)
                        0x000055d9    0x2  Code  Gb  44_¡‚–ŒºÃ≥–”Î–ÈºÃ≥–.o [1]
char * std::_Addressof<char>(char &, std::integral_constant<bool, (bool)0>)
                        0x0000542f    0x2  Code  Gb  44_¡‚–ŒºÃ≥–”Î–ÈºÃ≥–.o [1]
char * std::_Allocate<char>(unsigned int, char *, bool)
                        0x00005653   0x12  Code  Gb  44_¡‚–ŒºÃ≥–”Î–ÈºÃ≥–.o [1]
char * std::_Maklocstr<char>(char const *, char *)
                        0x000055ff   0x34  Code  Gb  44_¡‚–ŒºÃ≥–”Î–ÈºÃ≥–.o [1]
char * std::addressof<char>(char &)
                        0x0000513b    0x8  Code  Gb  44_¡‚–ŒºÃ≥–”Î–ÈºÃ≥–.o [1]
char std::_Maklocchr<char>(char, char *)
                        0x000055bd    0x4  Code  Gb  44_¡‚–ŒºÃ≥–”Î–ÈºÃ≥–.o [1]
const std::allocator<char>& && std::forward<const std::allocator<char>&>(std::remove_reference<const std::allocator<char>&>::type &)
                        0x0000552d    0x2  Code  Gb  44_¡‚–ŒºÃ≥–”Î–ÈºÃ≥–.o [1]
ddiv                    0x0000415b   0x7a  Code  Lc  strto64.o [5]
digits                  0x0000404c   0x28  Data  Lc  iar_Stoullx.o [3]
dmul                    0x000040e1   0x7a  Code  Lc  strto64.o [5]
exit                    0x000064f5    0x4  Code  Gb  exit.o [3]
free                    0x00005685    0x4  Code  Gb  heaptramp0.o [3]
frexp                   0x00002979         Code  Gb  frexp.o [5]
frexpl                  0x00002979         Code  Gb  frexp.o [5]
getchar                 0x00005fed   0x2e  Code  Gb  getchar.o [3]
init_mparams            0x0000005f   0x32  Code  Lc  dlmalloc.o [3]
init_top                0x00000091   0x32  Code  Lc  dlmalloc.o [3]
ldexp                   0x00002a49         Code  Gb  ldexp.o [5]
ldexpl                  0x00002a49         Code  Gb  ldexp.o [5]
main                    0x000064e7    0xe  Code  Gb  main.o [1]
memchr                  0x000024d5         Code  Gb  memchr.o [6]
mparams                 0x20000288   0x18  Data  Lc  dlmalloc.o [3]
ndigs                   0x00004074   0x28  Data  Lc  iar_Stoullx.o [3]
next_abi_dtor_rec       0x200002d0    0x4  Data  Lc  cppinit.o [3]
operator delete (void *)
                        0x000055f5    0xa  Code  Gb  delop_0.o [4]
operator delete[] (void *)
                        0x00006561    0x4  Code  Gb  delaop_0.o [4]
operator new (unsigned int)
                        0x00005689   0x24  Code  Gb  newop_0.o [4]
operator new (unsigned int, void *)
                        0x000056ad    0x4  Code  Gb  44_¡‚–ŒºÃ≥–”Î–ÈºÃ≥–.o [1]
pows                    0x00004500   0x48  Data  Lc  strto64.o [5]
prepend_alloc           0x000000c3  0x342  Code  Lc  dlmalloc.o [3]
putchar                 0x00006231   0x20  Code  Gb  putchar.o [3]
ranmatch                0x00003407   0x42  Code  Lc  xscanffull_nomb.o [3]
scalbln                 0x00002a49         Code  Gb  ldexp.o [5]
scalblnl                0x00002a49         Code  Gb  ldexp.o [5]
scalbn                  0x00002a49         Code  Gb  ldexp.o [5]
scalbnl                 0x00002a49         Code  Gb  ldexp.o [5]
scale                   0x00001ccb   0x46  Code  Lc  xprintffull_nomb.o [3]
scanf                   0x00005fc9   0x24  Code  Gb  scanf.o [3]
sec_hand                0x200002dc    0x4  Data  Lc  xfail_s.o [3]
segment_holding         0x00000041   0x1e  Code  Lc  dlmalloc.o [3]
sprintf                 0x000060b1   0x40  Code  Gb  sprintf.o [3]
std::_Compressed_pair<std::_Wrap_alloc<std::allocator<char>>, std::_String_val<std::_Simple_types<char>>, (bool)1>::_Compressed_pair<const std::allocator<char>&, >(std::_One_then_variadic_args_t, const std::allocator<char>& &&,  &&...)
                        0x00005409   0x1c  Code  Gb  44_¡‚–ŒºÃ≥–”Î–ÈºÃ≥–.o [1]
std::_Compressed_pair<std::_Wrap_alloc<std::allocator<char>>, std::_String_val<std::_Simple_types<char>>, (bool)1>::_Get_first()
                        0x00005425    0x2  Code  Gb  44_¡‚–ŒºÃ≥–”Î–ÈºÃ≥–.o [1]
std::_Compressed_pair<std::_Wrap_alloc<std::allocator<char>>, std::_String_val<std::_Simple_types<char>>, (bool)1>::_Get_first() const
                        0x000055c1    0x2  Code  Gb  44_¡‚–ŒºÃ≥–”Î–ÈºÃ≥–.o [1]
std::_Compressed_pair<std::_Wrap_alloc<std::allocator<char>>, std::_String_val<std::_Simple_types<char>>, (bool)1>::_Get_second()
                        0x0000543d    0x2  Code  Gb  44_¡‚–ŒºÃ≥–”Î–ÈºÃ≥–.o [1]
std::_Compressed_pair<std::_Wrap_alloc<std::allocator<char>>, std::_String_val<std::_Simple_types<char>>, (bool)1>::_Get_second() const
                        0x00005469    0x2  Code  Gb  44_¡‚–ŒºÃ≥–”Î–ÈºÃ≥–.o [1]
std::_Fpz               0x200002b8   0x10  Data  Gb  ios.o [4]
std::_NomemoryNothrow()
                        0x000056b1    0x4  Code  Gb  nomemory.o [4]
std::_String_alloc<std::_String_base_types<char, std::allocator<char>>>::_Bx()
                        0x00005123    0x8  Code  Gb  44_¡‚–ŒºÃ≥–”Î–ÈºÃ≥–.o [1]
std::_String_alloc<std::_String_base_types<char, std::allocator<char>>>::_Get_data()
                        0x0000515d    0x8  Code  Gb  44_¡‚–ŒºÃ≥–”Î–ÈºÃ≥–.o [1]
std::_String_alloc<std::_String_base_types<char, std::allocator<char>>>::_Get_data() const
                        0x00005221    0x8  Code  Gb  44_¡‚–ŒºÃ≥–”Î–ÈºÃ≥–.o [1]
std::_String_alloc<std::_String_base_types<char, std::allocator<char>>>::_Getal()
                        0x0000512b    0x8  Code  Gb  44_¡‚–ŒºÃ≥–”Î–ÈºÃ≥–.o [1]
std::_String_alloc<std::_String_base_types<char, std::allocator<char>>>::_Getal() const
                        0x0000546b    0x8  Code  Gb  44_¡‚–ŒºÃ≥–”Î–ÈºÃ≥–.o [1]
std::_String_alloc<std::_String_base_types<char, std::allocator<char>>>::_Myptr()
                        0x00004fa1    0xc  Code  Gb  44_¡‚–ŒºÃ≥–”Î–ÈºÃ≥–.o [1]
std::_String_alloc<std::_String_base_types<char, std::allocator<char>>>::_Myptr() const
                        0x00004fcf    0xc  Code  Gb  44_¡‚–ŒºÃ≥–”Î–ÈºÃ≥–.o [1]
std::_String_alloc<std::_String_base_types<char, std::allocator<char>>>::_Myres()
                        0x00005119    0xa  Code  Gb  44_¡‚–ŒºÃ≥–”Î–ÈºÃ≥–.o [1]
std::_String_alloc<std::_String_base_types<char, std::allocator<char>>>::_Mysize()
                        0x00004fdb    0xa  Code  Gb  44_¡‚–ŒºÃ≥–”Î–ÈºÃ≥–.o [1]
std::_String_alloc<std::_String_base_types<char, std::allocator<char>>>::_Mysize() const
                        0x000050c3    0xa  Code  Gb  44_¡‚–ŒºÃ≥–”Î–ÈºÃ≥–.o [1]
std::_String_alloc<std::_String_base_types<char, std::allocator<char>>>::_String_alloc(const std::allocator<char>&)
                        0x00005107   0x12  Code  Gb  44_¡‚–ŒºÃ≥–”Î–ÈºÃ≥–.o [1]
std::_String_alloc<std::_String_base_types<char, std::allocator<char>>>::_String_alloc(const std::allocator<char>&) [subobject]
                        0x00004ee5    0x8  Code  Gb  44_¡‚–ŒºÃ≥–”Î–ÈºÃ≥–.o [1]
std::_String_val<std::_Simple_types<char>>::_Myptr()
                        0x00005165   0x12  Code  Gb  44_¡‚–ŒºÃ≥–”Î–ÈºÃ≥–.o [1]
std::_String_val<std::_Simple_types<char>>::_Myptr() const
                        0x00005229   0x12  Code  Gb  44_¡‚–ŒºÃ≥–”Î–ÈºÃ≥–.o [1]
std::_String_val<std::_Simple_types<char>>::_String_val()
                        0x00005537    0xa  Code  Gb  44_¡‚–ŒºÃ≥–”Î–ÈºÃ≥–.o [1]
std::_Wrap_alloc<std::allocator<char>>::_Wrap_alloc(const std::allocator<char>&)
                        0x000055f3    0x2  Code  Gb  44_¡‚–ŒºÃ≥–”Î–ÈºÃ≥–.o [1]
std::_Wrap_alloc<std::allocator<char>>::_Wrap_alloc(const std::allocator<char>&) [subobject]
                        0x0000552f    0x8  Code  Gb  44_¡‚–ŒºÃ≥–”Î–ÈºÃ≥–.o [1]
std::_Wrap_alloc<std::allocator<char>>::allocate(unsigned int)
                        0x0000547b    0x8  Code  Gb  44_¡‚–ŒºÃ≥–”Î–ÈºÃ≥–.o [1]
std::_Wrap_alloc<std::allocator<char>>::deallocate(char *, unsigned int)
                        0x00005155    0x8  Code  Gb  44_¡‚–ŒºÃ≥–”Î–ÈºÃ≥–.o [1]
std::_Wrap_alloc<std::allocator<char>>::max_size(std::_Nil) const
                        0x00005473    0x8  Code  Gb  44_¡‚–ŒºÃ≥–”Î–ÈºÃ≥–.o [1]
std::_Wrap_facet<std::ctype<char>>::_Wrap_facet()
                        0x00004ecd   0x18  Code  Gb  44_¡‚–ŒºÃ≥–”Î–ÈºÃ≥–.o [1]
std::_Wrap_facet<std::num_put<char, std::ostreambuf_iterator<char, std::char_traits<char>>>>::_Wrap_facet()
                        0x000059f5   0x18  Code  Gb  44_¡‚–ŒºÃ≥–”Î–ÈºÃ≥–.o [1]
std::_Wrap_facet<std::numpunct<char>>::_Wrap_facet()
                        0x00004fad   0x18  Code  Gb  44_¡‚–ŒºÃ≥–”Î–ÈºÃ≥–.o [1]
std::_Wrap_facet<std::numpunct<char>>::~_Wrap_facet()
                        0x000065c9    0xe  Code  Gb  44_¡‚–ŒºÃ≥–”Î–ÈºÃ≥–.o [1]
std::__iar_New_hand     0x200002d8    0x4  Data  Gb  new.o [4]
std::__iar_cout_guard::~__iar_cout_guard()
                        0x00006565   0x14  Code  Gb  iostream_cout.o [4]
std::__nobasic_filebuf<char, std::char_traits<char>>::__nobasic_filebuf()
                        0x00005c2d   0x54  Code  Gb  iostream_cout.o [4]
std::__nobasic_filebuf<char, std::char_traits<char>>::overflow(int)
                        0x000061f9   0x38  Code  Gb  iostream_cout.o [4]
std::allocator<char>::allocate(unsigned int)
                        0x000055cb    0xe  Code  Gb  44_¡‚–ŒºÃ≥–”Î–ÈºÃ≥–.o [1]
std::allocator<char>::deallocate(char *, unsigned int)
                        0x00005431    0xc  Code  Gb  44_¡‚–ŒºÃ≥–”Î–ÈºÃ≥–.o [1]
std::allocator<char>::max_size() const
                        0x0000564d    0x6  Code  Gb  44_¡‚–ŒºÃ≥–”Î–ÈºÃ≥–.o [1]
std::allocator_traits<std::allocator<char>>::max_size(const std::allocator<char>&)
                        0x000055c3    0x8  Code  Gb  44_¡‚–ŒºÃ≥–”Î–ÈºÃ≥–.o [1]
std::char_traits<char>::assign(char &, char const &)
                        0x000053a1    0x6  Code  Gb  44_¡‚–ŒºÃ≥–”Î–ÈºÃ≥–.o [1]
std::char_traits<char>::assign(char *, unsigned int, char)
                        0x000053a7   0x10  Code  Gb  44_¡‚–ŒºÃ≥–”Î–ÈºÃ≥–.o [1]
std::char_traits<char>::copy(char *, char const *, unsigned int)
                        0x00005143   0x12  Code  Gb  44_¡‚–ŒºÃ≥–”Î–ÈºÃ≥–.o [1]
std::char_traits<char>::eq_int_type(int const &, int const &)
                        0x000053e9   0x12  Code  Gb  44_¡‚–ŒºÃ≥–”Î–ÈºÃ≥–.o [1]
std::char_traits<char>::length(char const *)
                        0x00006469   0x12  Code  Gb  44_¡‚–ŒºÃ≥–”Î–ÈºÃ≥–.o [1]
std::char_traits<char>::move(char *, char const *, unsigned int)
                        0x0000505f   0x12  Code  Gb  44_¡‚–ŒºÃ≥–”Î–ÈºÃ≥–.o [1]
std::char_traits<char>::to_int_type(char const &)
                        0x00005529    0x4  Code  Gb  44_¡‚–ŒºÃ≥–”Î–ÈºÃ≥–.o [1]
std::cout               0x200001e4   0x2c  Data  Gb  iostream_cout.o [4]
std::ctype<char> const & std::use_facet<std::ctype<char>>()
                        0x00004cf1   0x24  Code  Gb  44_¡‚–ŒºÃ≥–”Î–ÈºÃ≥–.o [1]
std::ctype<char> const & std::use_facet<std::ctype<char>>()::_MyFacet
                        0x200002cc    0x4  Data  Gb  44_¡‚–ŒºÃ≥–”Î–ÈºÃ≥–.o [1]
std::ctype<char>::ctype()
                        0x000053fd    0xc  Code  Gb  44_¡‚–ŒºÃ≥–”Î–ÈºÃ≥–.o [1]
std::ctype<char>::ctype() [subobject]
                        0x000050ff    0x8  Code  Gb  44_¡‚–ŒºÃ≥–”Î–ÈºÃ≥–.o [1]
std::ctype<char>::widen(char const *, char const *, char *) const
                        0x00004d4b   0x12  Code  Gb  44_¡‚–ŒºÃ≥–”Î–ÈºÃ≥–.o [1]
std::ctype<char>::widen(char) const
                        0x00006361    0x6  Code  Gb  44_¡‚–ŒºÃ≥–”Î–ÈºÃ≥–.o [1]
std::ios::clear(std::_Iosb<int>::_Iostate, bool)
                        0x00005a11   0x18  Code  Gb  44_¡‚–ŒºÃ≥–”Î–ÈºÃ≥–.o [1]
std::ios::fill() const  0x00005915    0x6  Code  Gb  44_¡‚–ŒºÃ≥–”Î–ÈºÃ≥–.o [1]
std::ios::rdbuf() const
                        0x0000591b    0x4  Code  Gb  44_¡‚–ŒºÃ≥–”Î–ÈºÃ≥–.o [1]
std::ios::setstate(std::_Iosb<int>::_Iostate, bool)
                        0x0000594b   0x28  Code  Gb  44_¡‚–ŒºÃ≥–”Î–ÈºÃ≥–.o [1]
std::ios::tie() const   0x0000599d    0x4  Code  Gb  44_¡‚–ŒºÃ≥–”Î–ÈºÃ≥–.o [1]
std::ios::widen(char) const
                        0x0000634f   0x12  Code  Gb  44_¡‚–ŒºÃ≥–”Î–ÈºÃ≥–.o [1]
std::ios_base::_Addstd(std::ios_base*)
                        0x00005721   0x36  Code  Gb  ios.o [4]
std::ios_base::_Callfns(std::ios_base::event)
                        0x00005705   0x1c  Code  Gb  ios.o [4]
std::ios_base::_Init()  0x00005765   0x1c  Code  Gb  ios.o [4]
std::ios_base::_Tidy()  0x00005781   0x34  Code  Gb  ios.o [4]
std::ios_base::clear(std::_Iosb<int>::_Iostate, bool)
                        0x000056c1   0x20  Code  Gb  ios.o [4]
std::ios_base::flags() const
                        0x00004ce7    0x4  Code  Gb  44_¡‚–ŒºÃ≥–”Î–ÈºÃ≥–.o [1]
std::ios_base::good() const
                        0x00005989   0x14  Code  Gb  44_¡‚–ŒºÃ≥–”Î–ÈºÃ≥–.o [1]
std::ios_base::rdstate() const
                        0x00005a0d    0x4  Code  Gb  44_¡‚–ŒºÃ≥–”Î–ÈºÃ≥–.o [1]
std::ios_base::width() const
                        0x00004e51    0x4  Code  Gb  44_¡‚–ŒºÃ≥–”Î–ÈºÃ≥–.o [1]
std::ios_base::width(int)
                        0x00004eb1    0x8  Code  Gb  44_¡‚–ŒºÃ≥–”Î–ÈºÃ≥–.o [1]
std::ios_base::~ios_base()
                        0x000056e1   0x24  Code  Gb  ios.o [4]
std::ios_base::~ios_base() [subobject]
                        0x000056b5    0x2  Code  Gb  ios.o [4]
std::num_put<char, std::ostreambuf_iterator<char, std::char_traits<char>>> const & std::use_facet<std::num_put<char, std::ostreambuf_iterator<char, std::char_traits<char>>>>()
                        0x000058f1   0x24  Code  Gb  44_¡‚–ŒºÃ≥–”Î–ÈºÃ≥–.o [1]
std::num_put<char, std::ostreambuf_iterator<char, std::char_traits<char>>> const & std::use_facet<std::num_put<char, std::ostreambuf_iterator<char, std::char_traits<char>>>>()::_MyFacet
                        0x200002c8    0x4  Data  Gb  44_¡‚–ŒºÃ≥–”Î–ÈºÃ≥–.o [1]
std::num_put<char, std::ostreambuf_iterator<char, std::char_traits<char>>>::_Ifmt(char *, char const *, std::_Iosb<int>::_Fmtflags) const
                        0x00005c81   0xa2  Code  Gb  44_¡‚–ŒºÃ≥–”Î–ÈºÃ≥–.o [1]
std::num_put<char, std::ostreambuf_iterator<char, std::char_traits<char>>>::_Iput(std::ostreambuf_iterator<char, std::char_traits<char>>, std::ios_base &, char, char *, unsigned int) const
                        0x00004aad  0x23a  Code  Gb  44_¡‚–ŒºÃ≥–”Î–ÈºÃ≥–.o [1]
std::num_put<char, std::ostreambuf_iterator<char, std::char_traits<char>>>::_Put(std::ostreambuf_iterator<char, std::char_traits<char>>, char const *, unsigned int) const
                        0x00004e83   0x2e  Code  Gb  44_¡‚–ŒºÃ≥–”Î–ÈºÃ≥–.o [1]
std::num_put<char, std::ostreambuf_iterator<char, std::char_traits<char>>>::_Rep(std::ostreambuf_iterator<char, std::char_traits<char>>, char, unsigned int) const
                        0x00004e55   0x2e  Code  Gb  44_¡‚–ŒºÃ≥–”Î–ÈºÃ≥–.o [1]
std::num_put<char, std::ostreambuf_iterator<char, std::char_traits<char>>>::do_put(std::ostreambuf_iterator<char, std::char_traits<char>>, std::ios_base &, char, long) const
                        0x00006055   0x5c  Code  Gb  44_¡‚–ŒºÃ≥–”Î–ÈºÃ≥–.o [1]
std::num_put<char, std::ostreambuf_iterator<char, std::char_traits<char>>>::do_put(std::ostreambuf_iterator<char, std::char_traits<char>>, std::ios_base &, char, long) const::string
                        0x00006650    0x4  Data  Gb  44_¡‚–ŒºÃ≥–”Î–ÈºÃ≥–.o [1]
std::num_put<char, std::ostreambuf_iterator<char, std::char_traits<char>>>::num_put()
                        0x00005ae5    0xc  Code  Gb  44_¡‚–ŒºÃ≥–”Î–ÈºÃ≥–.o [1]
std::num_put<char, std::ostreambuf_iterator<char, std::char_traits<char>>>::num_put() [subobject]
                        0x00005a77    0x8  Code  Gb  44_¡‚–ŒºÃ≥–”Î–ÈºÃ≥–.o [1]
std::num_put<char, std::ostreambuf_iterator<char, std::char_traits<char>>>::put(std::ostreambuf_iterator<char, std::char_traits<char>>, std::ios_base &, char, long) const
                        0x00005927   0x18  Code  Gb  44_¡‚–ŒºÃ≥–”Î–ÈºÃ≥–.o [1]
std::numpunct<char> const & std::use_facet<std::numpunct<char>>()
                        0x00004d5d   0x34  Code  Gb  44_¡‚–ŒºÃ≥–”Î–ÈºÃ≥–.o [1]
std::numpunct<char> const & std::use_facet<std::numpunct<char>>()::_MyFacet
                        0x200002a0   0x14  Data  Gb  44_¡‚–ŒºÃ≥–”Î–ÈºÃ≥–.o [1]
std::numpunct<char>::_Init(bool)
                        0x0000554d   0x70  Code  Gb  44_¡‚–ŒºÃ≥–”Î–ÈºÃ≥–.o [1]
std::numpunct<char>::_Init(bool)::string
                        0x000028fe    0x1  Data  Gb  44_¡‚–ŒºÃ≥–”Î–ÈºÃ≥–.o [1]
std::numpunct<char>::_Init(bool)::string (instance 2)
                        0x00006638    0x8  Data  Gb  44_¡‚–ŒºÃ≥–”Î–ÈºÃ≥–.o [1]
std::numpunct<char>::_Init(bool)::string (instance 3)
                        0x00006640    0x8  Data  Gb  44_¡‚–ŒºÃ≥–”Î–ÈºÃ≥–.o [1]
std::numpunct<char>::_Tidy()
                        0x00006549   0x18  Code  Gb  44_¡‚–ŒºÃ≥–”Î–ÈºÃ≥–.o [1]
std::numpunct<char>::do_grouping() const
                        0x0000662d    0xa  Code  Gb  44_¡‚–ŒºÃ≥–”Î–ÈºÃ≥–.o [1]
std::numpunct<char>::do_thousands_sep() const
                        0x00006655    0x4  Code  Gb  44_¡‚–ŒºÃ≥–”Î–ÈºÃ≥–.o [1]
std::numpunct<char>::grouping() const
                        0x00004d91    0xa  Code  Gb  44_¡‚–ŒºÃ≥–”Î–ÈºÃ≥–.o [1]
std::numpunct<char>::numpunct()
                        0x00005441   0x28  Code  Gb  44_¡‚–ŒºÃ≥–”Î–ÈºÃ≥–.o [1]
std::numpunct<char>::numpunct() [subobject]
                        0x00005177    0x8  Code  Gb  44_¡‚–ŒºÃ≥–”Î–ÈºÃ≥–.o [1]
std::numpunct<char>::thousands_sep() const
                        0x00004da7    0xa  Code  Gb  44_¡‚–ŒºÃ≥–”Î–ÈºÃ≥–.o [1]
std::numpunct<char>::~numpunct()
                        0x00006531   0x18  Code  Gb  44_¡‚–ŒºÃ≥–”Î–ÈºÃ≥–.o [1]
std::numpunct<char>::~numpunct() [subobject]
                        0x000065d7    0x8  Code  Gb  44_¡‚–ŒºÃ≥–”Î–ÈºÃ≥–.o [1]
std::operator &(std::_Iosb<int>::_Fmtflags, std::_Iosb<int>::_Fmtflags)
                        0x00004ceb    0x6  Code  Gb  44_¡‚–ŒºÃ≥–”Î–ÈºÃ≥–.o [1]
std::operator |=(std::_Iosb<int>::_Iostate &, std::_Iosb<int>::_Iostate)
                        0x00005943    0x8  Code  Gb  44_¡‚–ŒºÃ≥–”Î–ÈºÃ≥–.o [1]
std::ostream & std::endl<char, std::char_traits<char>>(std::ostream &)
                        0x00006321   0x2e  Code  Gb  44_¡‚–ŒºÃ≥–”Î–ÈºÃ≥–.o [1]
std::ostream::_Flush_sentry::_Flush_sentry(std::ostream&)
                        0x00005a31   0x28  Code  Gb  44_¡‚–ŒºÃ≥–”Î–ÈºÃ≥–.o [1]
std::ostream::_Flush_sentry::_Flush_sentry(std::ostream&) [subobject]
                        0x00005981    0x8  Code  Gb  44_¡‚–ŒºÃ≥–”Î–ÈºÃ≥–.o [1]
std::ostream::_Flush_sentry::operator bool() const
                        0x000058eb    0x4  Code  Gb  44_¡‚–ŒºÃ≥–”Î–ÈºÃ≥–.o [1]
std::ostream::_Flush_sentry::~_Flush_sentry()
                        0x00005a63   0x14  Code  Gb  44_¡‚–ŒºÃ≥–”Î–ÈºÃ≥–.o [1]
std::ostream::_Flush_sentry::~_Flush_sentry() [subobject]
                        0x00005a29    0x8  Code  Gb  44_¡‚–ŒºÃ≥–”Î–ÈºÃ≥–.o [1]
std::ostream::_Osfx()   0x00005a87   0x54  Code  Gb  44_¡‚–ŒºÃ≥–”Î–ÈºÃ≥–.o [1]
std::ostream::_Sentry_base::_Sentry_base(std::ostream&)
                        0x00005af1   0x48  Code  Gb  44_¡‚–ŒºÃ≥–”Î–ÈºÃ≥–.o [1]
std::ostream::_Sentry_base::_Sentry_base(std::ostream&) [subobject]
                        0x00005a7f    0x8  Code  Gb  44_¡‚–ŒºÃ≥–”Î–ÈºÃ≥–.o [1]
std::ostream::_Sentry_base::~_Sentry_base()
                        0x00005b39   0x46  Code  Gb  44_¡‚–ŒºÃ≥–”Î–ÈºÃ≥–.o [1]
std::ostream::_Sentry_base::~_Sentry_base() [subobject]
                        0x00005adb    0x8  Code  Gb  44_¡‚–ŒºÃ≥–”Î–ÈºÃ≥–.o [1]
std::ostream::flush()   0x000059a1   0x54  Code  Gb  44_¡‚–ŒºÃ≥–”Î–ÈºÃ≥–.o [1]
std::ostream::operator <<(int)
                        0x000057b5   0xc4  Code  Gb  44_¡‚–ŒºÃ≥–”Î–ÈºÃ≥–.o [1]
std::ostream::operator <<(std::ostream&(*)(std::ostream&))
                        0x00005eb9    0x6  Code  Gb  44_¡‚–ŒºÃ≥–”Î–ÈºÃ≥–.o [1]
std::ostream::put(char)
                        0x00005eef   0x76  Code  Gb  44_¡‚–ŒºÃ≥–”Î–ÈºÃ≥–.o [1]
std::ostream::sentry::sentry(std::ostream&)
                        0x00005879   0x72  Code  Gb  44_¡‚–ŒºÃ≥–”Î–ÈºÃ≥–.o [1]
std::ostream::sentry::~sentry()
                        0x00005973    0xe  Code  Gb  44_¡‚–ŒºÃ≥–”Î–ÈºÃ≥–.o [1]
std::ostream::~basic_ostream()
                        0x000065df    0xe  Code  Gb  iostream_cout.o [4]
std::ostreambuf_iterator<char, std::char_traits<char>>::failed() const
                        0x0000593f    0x4  Code  Gb  44_¡‚–ŒºÃ≥–”Î–ÈºÃ≥–.o [1]
std::ostreambuf_iterator<char, std::char_traits<char>>::operator *()
                        0x000050cd    0x2  Code  Gb  44_¡‚–ŒºÃ≥–”Î–ÈºÃ≥–.o [1]
std::ostreambuf_iterator<char, std::char_traits<char>>::operator ++()
                        0x000050fd    0x2  Code  Gb  44_¡‚–ŒºÃ≥–”Î–ÈºÃ≥–.o [1]
std::ostreambuf_iterator<char, std::char_traits<char>>::operator =(char)
                        0x000050cf   0x2e  Code  Gb  44_¡‚–ŒºÃ≥–”Î–ÈºÃ≥–.o [1]
std::ostreambuf_iterator<char, std::char_traits<char>>::ostreambuf_iterator(std::streambuf *)
                        0x0000591f    0x8  Code  Gb  44_¡‚–ŒºÃ≥–”Î–ÈºÃ≥–.o [1]
std::remove_reference<char *&>::type && std::move<char *&>(char *& &&)
                        0x00005483    0x2  Code  Gb  44_¡‚–ŒºÃ≥–”Î–ÈºÃ≥–.o [1]
std::streambuf::_Lock()
                        0x00002457    0x2  Code  Gb  iostream_cout.o [4]
std::streambuf::_Pnavail() const
                        0x00005503   0x18  Code  Gb  44_¡‚–ŒºÃ≥–”Î–ÈºÃ≥–.o [1]
std::streambuf::_Pninc()
                        0x0000551b    0xe  Code  Gb  44_¡‚–ŒºÃ≥–”Î–ÈºÃ≥–.o [1]
std::streambuf::_Unlock()
                        0x000024d3    0x2  Code  Gb  iostream_cout.o [4]
std::streambuf::overflow(int)
                        0x0000243b    0x6  Code  Gb  iostream_cout.o [4]
std::streambuf::pubsync()
                        0x00005a59    0xa  Code  Gb  44_¡‚–ŒºÃ≥–”Î–ÈºÃ≥–.o [1]
std::streambuf::sputc(char)
                        0x000053b7   0x32  Code  Gb  44_¡‚–ŒºÃ≥–”Î–ÈºÃ≥–.o [1]
std::streambuf::sync()  0x00006659    0x4  Code  Gb  iostream_cout.o [4]
std::string::_Chassign(unsigned int, unsigned int, char)
                        0x00005071   0x2a  Code  Gb  44_¡‚–ŒºÃ≥–”Î–ÈºÃ≥–.o [1]
std::string::_Copy(unsigned int, unsigned int)
                        0x00005253   0xd6  Code  Gb  44_¡‚–ŒºÃ≥–”Î–ÈºÃ≥–.o [1]
std::string::_Eos(unsigned int)
                        0x0000509b   0x28  Code  Gb  44_¡‚–ŒºÃ≥–”Î–ÈºÃ≥–.o [1]
std::string::_Grow(unsigned int, bool)
                        0x00004fe5   0x7a  Code  Gb  44_¡‚–ŒºÃ≥–”Î–ÈºÃ≥–.o [1]
std::string::_Inside(char const *)
                        0x00006143   0x32  Code  Gb  44_¡‚–ŒºÃ≥–”Î–ÈºÃ≥–.o [1]
std::string::_Tidy(bool, unsigned int)
                        0x00004eed   0x7a  Code  Gb  44_¡‚–ŒºÃ≥–”Î–ÈºÃ≥–.o [1]
std::string::assign(char const *)
                        0x00006451   0x18  Code  Gb  44_¡‚–ŒºÃ≥–”Î–ÈºÃ≥–.o [1]
std::string::assign(char const *, unsigned int)
                        0x000060f1   0x52  Code  Gb  44_¡‚–ŒºÃ≥–”Î–ÈºÃ≥–.o [1]
std::string::assign(const std::string&, unsigned int, unsigned int)
                        0x00005d23   0x7c  Code  Gb  44_¡‚–ŒºÃ≥–”Î–ÈºÃ≥–.o [1]
std::string::assign(unsigned int, char)
                        0x00004f67   0x3a  Code  Gb  44_¡‚–ŒºÃ≥–”Î–ÈºÃ≥–.o [1]
std::string::basic_string(char const *)
                        0x0000642d   0x24  Code  Gb  44_¡‚–ŒºÃ≥–”Î–ÈºÃ≥–.o [1]
std::string::basic_string(unsigned int, char)
                        0x00004d15   0x2a  Code  Gb  44_¡‚–ŒºÃ≥–”Î–ÈºÃ≥–.o [1]
std::string::erase(unsigned int)
                        0x00005d9f   0x22  Code  Gb  44_¡‚–ŒºÃ≥–”Î–ÈºÃ≥–.o [1]
std::string::erase(unsigned int, unsigned int)
                        0x00005dc1   0x6c  Code  Gb  44_¡‚–ŒºÃ≥–”Î–ÈºÃ≥–.o [1]
std::string::insert(unsigned int, unsigned int, char)
                        0x00004db1   0x96  Code  Gb  44_¡‚–ŒºÃ≥–”Î–ÈºÃ≥–.o [1]
std::string::max_size() const
                        0x0000523b   0x18  Code  Gb  44_¡‚–ŒºÃ≥–”Î–ÈºÃ≥–.o [1]
std::string::operator [](unsigned int)
                        0x00004d3f    0xc  Code  Gb  44_¡‚–ŒºÃ≥–”Î–ÈºÃ≥–.o [1]
std::string::operator [](unsigned int) const
                        0x00004d9b    0xc  Code  Gb  44_¡‚–ŒºÃ≥–”Î–ÈºÃ≥–.o [1]
std::string::size() const
                        0x00004e47    0xa  Code  Gb  44_¡‚–ŒºÃ≥–”Î–ÈºÃ≥–.o [1]
std::string::~basic_string()
                        0x00004eb9   0x12  Code  Gb  44_¡‚–ŒºÃ≥–”Î–ÈºÃ≥–.o [1]
strchr                  0x00002441         Code  Gb  strchr.o [6]
strlen                  0x0000249d         Code  Gb  strlen.o [6]
strtoll                 0x00003edf    0x2  Code  Gb  iar_Stollx.o [3]
strtoull                0x00004045    0x2  Code  Gb  iar_Stoullx.o [3]
sys_alloc               0x000005fd  0x164  Code  Lc  dlmalloc.o [3]
sys_trim                0x00000761   0x66  Code  Lc  dlmalloc.o [3]
test44                  0x00005e2d   0x78  Code  Gb  44_¡‚–ŒºÃ≥–”Î–ÈºÃ≥–.o [1]
tmalloc_large           0x000007d5  0x384  Code  Lc  dlmalloc.o [3]
tmalloc_small           0x00000b59  0x1fe  Code  Lc  dlmalloc.o [3]
ttio_guard              0x200002e7    0x1  Data  Lc  XShttio.o [3]
void std::_Deallocate<char>(char *, unsigned int)
                        0x00005543    0x8  Code  Gb  44_¡‚–ŒºÃ≥–”Î–ÈºÃ≥–.o [1]
void std::_Wrap_alloc<std::allocator<char>>::construct<char *, char *>(char * *, char * &&...)
                        0x00005485   0x18  Code  Gb  44_¡‚–ŒºÃ≥–”Î–ÈºÃ≥–.o [1]
void std::_Wrap_alloc<std::allocator<char>>::destroy<char *>(char * *)
                        0x00005133    0x8  Code  Gb  44_¡‚–ŒºÃ≥–”Î–ÈºÃ≥–.o [1]
void std::allocator<char>::construct<char *, char *>(char * *, char * &&...)
                        0x00005665   0x20  Code  Gb  44_¡‚–ŒºÃ≥–”Î–ÈºÃ≥–.o [1]
void std::allocator<char>::destroy<char *>(char * *)
                        0x00005541    0x2  Code  Gb  44_¡‚–ŒºÃ≥–”Î–ÈºÃ≥–.o [1]
void std::allocator_traits<std::allocator<char>>::construct<char *, char *>(std::allocator<char>&, char * *, char * &&...)
                        0x000055db   0x18  Code  Gb  44_¡‚–ŒºÃ≥–”Î–ÈºÃ≥–.o [1]
void std::allocator_traits<std::allocator<char>>::destroy<char *>(std::allocator<char>&, char * *)
                        0x00005427    0x8  Code  Gb  44_¡‚–ŒºÃ≥–”Î–ÈºÃ≥–.o [1]
void std::numpunct<char>::_Getvals<char>(char)
                        0x00005633   0x1a  Code  Gb  44_¡‚–ŒºÃ≥–”Î–ÈºÃ≥–.o [1]


[1] = \\wsl.localhost\Ubuntu-20.04\home\stone\code\test\Debug\Obj
[2] = command line
[3] = dl7M_tln.a
[4] = dlpp7M_tl_nc.a
[5] = m7M_tl.a
[6] = rt7M_tl.a
[7] = shb_l.a

  25 640 bytes of readonly  code memory
     564 bytes of readonly  data memory
   4 236 bytes of readwrite data memory

Errors: none
Warnings: none
